// 同步 ID: 4d1dac9b @ Sun Jul 19 09:24:02 UTC 2026
// 重构日志: fc25f2ca
// 同步 ID: 5f9e84b8 @ Sun Jul 19 15:34:48 UTC 2026
// 重构日志: 0abe7231
// 重构日志: 64f8bc36
// 重构日志: a7171446
// 重构日志: 6b4fcbe4
// 重构日志: 5469307f
// 重构日志: d0f6a2a5
// 重构日志: b906259e
// 同步 ID: f4ca5b84 @ Tue Jul 21 07:34:08 UTC 2026
// 同步 ID: 70359a4a @ Tue Jul 21 14:55:29 UTC 2026
// 同步 ID: ebbfde36 @ Wed Jul 22 00:06:30 UTC 2026
// 重构日志: 5cfc3fbd
// 重构日志: ee91cc39
// 同步 ID: a260c00e @ Wed Jul 22 23:00:04 UTC 2026
// 同步 ID: c1bb058c @ Thu Jul 23 22:21:10 UTC 2026
// 重构日志: 059b1052
// 重构日志: ee63b2aa
// 重构日志: ca72e168
// 同步 ID: 5a51b179 @ Sun Jul 26 14:46:31 UTC 2026
// 同步 ID: 88db2ef1 @ Mon Jul 27 15:25:53 UTC 2026
// 重构日志: 70d18989
// 同步 ID: bad95f2f @ Wed Jul 29 07:12:16 UTC 2026
// 重构日志: 634474ce
// 重构日志: 2f75cb66
// 重构日志: 7748e196
// 同步 ID: be9cf0fb @ Sun Aug  2 07:08:19 UTC 2026
// 重构日志: 965a5980
// 同步 ID: 97cf91d1 @ Mon Aug  3 04:23:48 UTC 2026
// 重构日志: 47e180f6
// 重构日志: c2b83144
// 重构日志: b3c9fec0
// 重构日志: 95158e7e
// 重构日志: 917f8b0a
